// Jest Snapshot v1, https://goo.gl/fbAQLP

exports[`Prueba en <GifExpertApp /> Debe matchear con el snapchot 1`] = `
<div>
  <h1>
    GifExpertApp
  </h1>
  <form
    aria-label="form"
  >
    <input
      placeholder="Buscar Gifs"
      type="text"
      value="Spy x Family"
    />
  </form>
  <h3>
    Spy x Family
  </h3>
  <h2>
    Cargando im√°genes...
  </h2>
  <div
    class="card-grid"
  />
</div>
`;
